// Jest Snapshot v1, https://goo.gl/fbAQLP

exports[`withAudio tests withAudio render correctly 1`] = `
<div>
  <audio />
</div>
`;
