// Jest Snapshot v1, https://goo.gl/fbAQLP

exports[`AudioPlayer is rendered correctly 1`] = `
<button
  className="track__button track__button--play"
  onClick={[Function]}
  type="button"
>
  <div
    className="track__status"
  >
    <audio />
  </div>
</button>
`;
